{
  "description": "Input parameters used to generate basic-note-expected.md",
  "template": "basic-note.md",
  "parameters": {
    "title": "Test Note Title",
    "author": "Test Author",
    "tags": "test, golden, sample",
    "content": "This is the test content for the golden file. It demonstrates the expected output when the basic-note template is rendered with specific input parameters.",
    "project": "lithos"
  },
  "special_functions": {
    "now": "2024-01-15 (using format '2006-01-02')",
    "toLower": "applied to author field",
    "toUpper": "applied to project field"
  },
  "notes": "This golden file is used for testing template rendering functionality. The 'now' function output is fixed to ensure deterministic test results."
}
